

================================================================
== Vitis HLS Report for 'finalize'
================================================================
* Date:           Fri May  3 00:29:48 2024

* Version:        2021.1.1 (Build 3286242 on Wed Jul 28 13:09:46 MDT 2021)
* Project:        example-4
* Solution:       solution1 (Vitis Kernel Flow Target)
* Product family: virtexuplus
* Target device:  xcu50-fsvh2104-2-e


================================================================
== Performance Estimates
================================================================
+ Timing: 
    * Summary: 
    +--------+---------+----------+------------+
    |  Clock |  Target | Estimated| Uncertainty|
    +--------+---------+----------+------------+
    |ap_clk  |  3.33 ns|  2.433 ns|     0.90 ns|
    +--------+---------+----------+------------+

+ Latency: 
    * Summary: 
    +---------+---------+----------+----------+-----+-----+----------+
    |  Latency (cycles) |  Latency (absolute) |  Interval | Pipeline |
    |   min   |   max   |    min   |    max   | min | max |   Type   |
    +---------+---------+----------+----------+-----+-----+----------+
    |      706|      706|  2.353 us|  2.353 us|  535|  535|  dataflow|
    +---------+---------+----------+----------+-----+-----+----------+

    + Detail: 
        * Instance: 
        +-------------------------+------------------------+---------+---------+----------+----------+-----+-----+---------+
        |                         |                        |  Latency (cycles) |  Latency (absolute) |  Interval | Pipeline|
        |         Instance        |         Module         |   min   |   max   |    min   |    max   | min | max |   Type  |
        +-------------------------+------------------------+---------+---------+----------+----------+-----+-----+---------+
        |entry_proc78_U0          |entry_proc78            |        0|        0|      0 ns|      0 ns|    0|    0|       no|
        |global_mean_pooling_U0   |global_mean_pooling     |      534|      534|  1.780 us|  1.780 us|  534|  534|       no|
        |linear_100_1_1_false_U0  |linear_100_1_1_false_s  |      171|      171|  0.570 us|  0.570 us|  171|  171|       no|
        +-------------------------+------------------------+---------+---------+----------+----------+-----+-----+---------+

        * Loop: 
        N/A



================================================================
== Utilization Estimates
================================================================
* Summary: 
+---------------------+---------+------+---------+--------+-----+
|         Name        | BRAM_18K|  DSP |    FF   |   LUT  | URAM|
+---------------------+---------+------+---------+--------+-----+
|DSP                  |        -|     -|        -|       -|    -|
|Expression           |        -|     -|        0|     418|    -|
|FIFO                 |        -|     -|     3605|    2342|    -|
|Instance             |        0|   101|     8430|   75791|    0|
|Memory               |        -|     -|        -|       -|    -|
|Multiplexer          |        -|     -|        -|     927|    -|
|Register             |        -|     -|      103|       -|    -|
+---------------------+---------+------+---------+--------+-----+
|Total                |        0|   101|    12138|   79478|    0|
+---------------------+---------+------+---------+--------+-----+
|Available SLR        |     1344|  2976|   871680|  435840|  320|
+---------------------+---------+------+---------+--------+-----+
|Utilization SLR (%)  |        0|     3|        1|      18|    0|
+---------------------+---------+------+---------+--------+-----+
|Available            |     2688|  5952|  1743360|  871680|  640|
+---------------------+---------+------+---------+--------+-----+
|Utilization (%)      |        0|     1|       ~0|       9|    0|
+---------------------+---------+------+---------+--------+-----+

+ Detail: 
    * Instance: 
    +-------------------------+------------------------+---------+-----+------+-------+-----+
    |         Instance        |         Module         | BRAM_18K| DSP |  FF  |  LUT  | URAM|
    +-------------------------+------------------------+---------+-----+------+-------+-----+
    |entry_proc78_U0          |entry_proc78            |        0|    0|     2|     20|    0|
    |global_mean_pooling_U0   |global_mean_pooling     |        0|    1|  7039|  72215|    0|
    |linear_100_1_1_false_U0  |linear_100_1_1_false_s  |        0|  100|  1389|   3556|    0|
    +-------------------------+------------------------+---------+-----+------+-------+-----+
    |Total                    |                        |        0|  101|  8430|  75791|    0|
    +-------------------------+------------------------+---------+-----+------+-------+-----+

    * DSP: 
    N/A

    * Memory: 
    N/A

    * FIFO: 
    +----------------+---------+----+----+-----+------+-----+---------+
    |      Name      | BRAM_18K| FF | LUT| URAM| Depth| Bits| Size:D*B|
    +----------------+---------+----+----+-----+------+-----+---------+
    |h_graph_V_0_U   |        0|  36|   0|    -|     2|   16|       32|
    |h_graph_V_10_U  |        0|  36|   0|    -|     2|   16|       32|
    |h_graph_V_11_U  |        0|  36|   0|    -|     2|   16|       32|
    |h_graph_V_12_U  |        0|  36|   0|    -|     2|   16|       32|
    |h_graph_V_13_U  |        0|  36|   0|    -|     2|   16|       32|
    |h_graph_V_14_U  |        0|  36|   0|    -|     2|   16|       32|
    |h_graph_V_15_U  |        0|  36|   0|    -|     2|   16|       32|
    |h_graph_V_16_U  |        0|  36|   0|    -|     2|   16|       32|
    |h_graph_V_17_U  |        0|  36|   0|    -|     2|   16|       32|
    |h_graph_V_18_U  |        0|  36|   0|    -|     2|   16|       32|
    |h_graph_V_19_U  |        0|  36|   0|    -|     2|   16|       32|
    |h_graph_V_1_U   |        0|  36|   0|    -|     2|   16|       32|
    |h_graph_V_20_U  |        0|  36|   0|    -|     2|   16|       32|
    |h_graph_V_21_U  |        0|  36|   0|    -|     2|   16|       32|
    |h_graph_V_22_U  |        0|  36|   0|    -|     2|   16|       32|
    |h_graph_V_23_U  |        0|  36|   0|    -|     2|   16|       32|
    |h_graph_V_24_U  |        0|  36|   0|    -|     2|   16|       32|
    |h_graph_V_25_U  |        0|  36|   0|    -|     2|   16|       32|
    |h_graph_V_26_U  |        0|  36|   0|    -|     2|   16|       32|
    |h_graph_V_27_U  |        0|  36|   0|    -|     2|   16|       32|
    |h_graph_V_28_U  |        0|  36|   0|    -|     2|   16|       32|
    |h_graph_V_29_U  |        0|  36|   0|    -|     2|   16|       32|
    |h_graph_V_2_U   |        0|  36|   0|    -|     2|   16|       32|
    |h_graph_V_30_U  |        0|  36|   0|    -|     2|   16|       32|
    |h_graph_V_31_U  |        0|  36|   0|    -|     2|   16|       32|
    |h_graph_V_32_U  |        0|  36|   0|    -|     2|   16|       32|
    |h_graph_V_33_U  |        0|  36|   0|    -|     2|   16|       32|
    |h_graph_V_34_U  |        0|  36|   0|    -|     2|   16|       32|
    |h_graph_V_35_U  |        0|  36|   0|    -|     2|   16|       32|
    |h_graph_V_36_U  |        0|  36|   0|    -|     2|   16|       32|
    |h_graph_V_37_U  |        0|  36|   0|    -|     2|   16|       32|
    |h_graph_V_38_U  |        0|  36|   0|    -|     2|   16|       32|
    |h_graph_V_39_U  |        0|  36|   0|    -|     2|   16|       32|
    |h_graph_V_3_U   |        0|  36|   0|    -|     2|   16|       32|
    |h_graph_V_40_U  |        0|  36|   0|    -|     2|   16|       32|
    |h_graph_V_41_U  |        0|  36|   0|    -|     2|   16|       32|
    |h_graph_V_42_U  |        0|  36|   0|    -|     2|   16|       32|
    |h_graph_V_43_U  |        0|  36|   0|    -|     2|   16|       32|
    |h_graph_V_44_U  |        0|  36|   0|    -|     2|   16|       32|
    |h_graph_V_45_U  |        0|  36|   0|    -|     2|   16|       32|
    |h_graph_V_46_U  |        0|  36|   0|    -|     2|   16|       32|
    |h_graph_V_47_U  |        0|  36|   0|    -|     2|   16|       32|
    |h_graph_V_48_U  |        0|  36|   0|    -|     2|   16|       32|
    |h_graph_V_49_U  |        0|  36|   0|    -|     2|   16|       32|
    |h_graph_V_4_U   |        0|  36|   0|    -|     2|   16|       32|
    |h_graph_V_50_U  |        0|  36|   0|    -|     2|   16|       32|
    |h_graph_V_51_U  |        0|  36|   0|    -|     2|   16|       32|
    |h_graph_V_52_U  |        0|  36|   0|    -|     2|   16|       32|
    |h_graph_V_53_U  |        0|  36|   0|    -|     2|   16|       32|
    |h_graph_V_54_U  |        0|  36|   0|    -|     2|   16|       32|
    |h_graph_V_55_U  |        0|  36|   0|    -|     2|   16|       32|
    |h_graph_V_56_U  |        0|  36|   0|    -|     2|   16|       32|
    |h_graph_V_57_U  |        0|  36|   0|    -|     2|   16|       32|
    |h_graph_V_58_U  |        0|  36|   0|    -|     2|   16|       32|
    |h_graph_V_59_U  |        0|  36|   0|    -|     2|   16|       32|
    |h_graph_V_5_U   |        0|  36|   0|    -|     2|   16|       32|
    |h_graph_V_60_U  |        0|  36|   0|    -|     2|   16|       32|
    |h_graph_V_61_U  |        0|  36|   0|    -|     2|   16|       32|
    |h_graph_V_62_U  |        0|  36|   0|    -|     2|   16|       32|
    |h_graph_V_63_U  |        0|  36|   0|    -|     2|   16|       32|
    |h_graph_V_64_U  |        0|  36|   0|    -|     2|   16|       32|
    |h_graph_V_65_U  |        0|  36|   0|    -|     2|   16|       32|
    |h_graph_V_66_U  |        0|  36|   0|    -|     2|   16|       32|
    |h_graph_V_67_U  |        0|  36|   0|    -|     2|   16|       32|
    |h_graph_V_68_U  |        0|  36|   0|    -|     2|   16|       32|
    |h_graph_V_69_U  |        0|  36|   0|    -|     2|   16|       32|
    |h_graph_V_6_U   |        0|  36|   0|    -|     2|   16|       32|
    |h_graph_V_70_U  |        0|  36|   0|    -|     2|   16|       32|
    |h_graph_V_71_U  |        0|  36|   0|    -|     2|   16|       32|
    |h_graph_V_72_U  |        0|  36|   0|    -|     2|   16|       32|
    |h_graph_V_73_U  |        0|  36|   0|    -|     2|   16|       32|
    |h_graph_V_74_U  |        0|  36|   0|    -|     2|   16|       32|
    |h_graph_V_75_U  |        0|  36|   0|    -|     2|   16|       32|
    |h_graph_V_76_U  |        0|  36|   0|    -|     2|   16|       32|
    |h_graph_V_77_U  |        0|  36|   0|    -|     2|   16|       32|
    |h_graph_V_78_U  |        0|  36|   0|    -|     2|   16|       32|
    |h_graph_V_79_U  |        0|  36|   0|    -|     2|   16|       32|
    |h_graph_V_7_U   |        0|  36|   0|    -|     2|   16|       32|
    |h_graph_V_80_U  |        0|  36|   0|    -|     2|   16|       32|
    |h_graph_V_81_U  |        0|  36|   0|    -|     2|   16|       32|
    |h_graph_V_82_U  |        0|  36|   0|    -|     2|   16|       32|
    |h_graph_V_83_U  |        0|  36|   0|    -|     2|   16|       32|
    |h_graph_V_84_U  |        0|  36|   0|    -|     2|   16|       32|
    |h_graph_V_85_U  |        0|  36|   0|    -|     2|   16|       32|
    |h_graph_V_86_U  |        0|  36|   0|    -|     2|   16|       32|
    |h_graph_V_87_U  |        0|  36|   0|    -|     2|   16|       32|
    |h_graph_V_88_U  |        0|  36|   0|    -|     2|   16|       32|
    |h_graph_V_89_U  |        0|  36|   0|    -|     2|   16|       32|
    |h_graph_V_8_U   |        0|  36|   0|    -|     2|   16|       32|
    |h_graph_V_90_U  |        0|  36|   0|    -|     2|   16|       32|
    |h_graph_V_91_U  |        0|  36|   0|    -|     2|   16|       32|
    |h_graph_V_92_U  |        0|  36|   0|    -|     2|   16|       32|
    |h_graph_V_93_U  |        0|  36|   0|    -|     2|   16|       32|
    |h_graph_V_94_U  |        0|  36|   0|    -|     2|   16|       32|
    |h_graph_V_95_U  |        0|  36|   0|    -|     2|   16|       32|
    |h_graph_V_96_U  |        0|  36|   0|    -|     2|   16|       32|
    |h_graph_V_97_U  |        0|  36|   0|    -|     2|   16|       32|
    |h_graph_V_98_U  |        0|  36|   0|    -|     2|   16|       32|
    |h_graph_V_99_U  |        0|  36|   0|    -|     2|   16|       32|
    |h_graph_V_9_U   |        0|  36|   0|    -|     2|   16|       32|
    |result_c_U      |        0|   5|   0|    -|     3|   64|      192|
    +----------------+---------+----+----+-----+------+-----+---------+
    |Total           |        0|3605|   0|    0|   203| 1664|     3392|
    +----------------+---------+----+----+-----+------+-----+---------+

    * Expression: 
    +------------------------------------------+----------+----+---+----+------------+------------+
    |               Variable Name              | Operation| DSP| FF| LUT| Bitwidth P0| Bitwidth P1|
    +------------------------------------------+----------+----+---+----+------------+------------+
    |ap_channel_done_h_graph_V_0               |       and|   0|  0|   2|           1|           1|
    |ap_channel_done_h_graph_V_1               |       and|   0|  0|   2|           1|           1|
    |ap_channel_done_h_graph_V_10              |       and|   0|  0|   2|           1|           1|
    |ap_channel_done_h_graph_V_11              |       and|   0|  0|   2|           1|           1|
    |ap_channel_done_h_graph_V_12              |       and|   0|  0|   2|           1|           1|
    |ap_channel_done_h_graph_V_13              |       and|   0|  0|   2|           1|           1|
    |ap_channel_done_h_graph_V_14              |       and|   0|  0|   2|           1|           1|
    |ap_channel_done_h_graph_V_15              |       and|   0|  0|   2|           1|           1|
    |ap_channel_done_h_graph_V_16              |       and|   0|  0|   2|           1|           1|
    |ap_channel_done_h_graph_V_17              |       and|   0|  0|   2|           1|           1|
    |ap_channel_done_h_graph_V_18              |       and|   0|  0|   2|           1|           1|
    |ap_channel_done_h_graph_V_19              |       and|   0|  0|   2|           1|           1|
    |ap_channel_done_h_graph_V_2               |       and|   0|  0|   2|           1|           1|
    |ap_channel_done_h_graph_V_20              |       and|   0|  0|   2|           1|           1|
    |ap_channel_done_h_graph_V_21              |       and|   0|  0|   2|           1|           1|
    |ap_channel_done_h_graph_V_22              |       and|   0|  0|   2|           1|           1|
    |ap_channel_done_h_graph_V_23              |       and|   0|  0|   2|           1|           1|
    |ap_channel_done_h_graph_V_24              |       and|   0|  0|   2|           1|           1|
    |ap_channel_done_h_graph_V_25              |       and|   0|  0|   2|           1|           1|
    |ap_channel_done_h_graph_V_26              |       and|   0|  0|   2|           1|           1|
    |ap_channel_done_h_graph_V_27              |       and|   0|  0|   2|           1|           1|
    |ap_channel_done_h_graph_V_28              |       and|   0|  0|   2|           1|           1|
    |ap_channel_done_h_graph_V_29              |       and|   0|  0|   2|           1|           1|
    |ap_channel_done_h_graph_V_3               |       and|   0|  0|   2|           1|           1|
    |ap_channel_done_h_graph_V_30              |       and|   0|  0|   2|           1|           1|
    |ap_channel_done_h_graph_V_31              |       and|   0|  0|   2|           1|           1|
    |ap_channel_done_h_graph_V_32              |       and|   0|  0|   2|           1|           1|
    |ap_channel_done_h_graph_V_33              |       and|   0|  0|   2|           1|           1|
    |ap_channel_done_h_graph_V_34              |       and|   0|  0|   2|           1|           1|
    |ap_channel_done_h_graph_V_35              |       and|   0|  0|   2|           1|           1|
    |ap_channel_done_h_graph_V_36              |       and|   0|  0|   2|           1|           1|
    |ap_channel_done_h_graph_V_37              |       and|   0|  0|   2|           1|           1|
    |ap_channel_done_h_graph_V_38              |       and|   0|  0|   2|           1|           1|
    |ap_channel_done_h_graph_V_39              |       and|   0|  0|   2|           1|           1|
    |ap_channel_done_h_graph_V_4               |       and|   0|  0|   2|           1|           1|
    |ap_channel_done_h_graph_V_40              |       and|   0|  0|   2|           1|           1|
    |ap_channel_done_h_graph_V_41              |       and|   0|  0|   2|           1|           1|
    |ap_channel_done_h_graph_V_42              |       and|   0|  0|   2|           1|           1|
    |ap_channel_done_h_graph_V_43              |       and|   0|  0|   2|           1|           1|
    |ap_channel_done_h_graph_V_44              |       and|   0|  0|   2|           1|           1|
    |ap_channel_done_h_graph_V_45              |       and|   0|  0|   2|           1|           1|
    |ap_channel_done_h_graph_V_46              |       and|   0|  0|   2|           1|           1|
    |ap_channel_done_h_graph_V_47              |       and|   0|  0|   2|           1|           1|
    |ap_channel_done_h_graph_V_48              |       and|   0|  0|   2|           1|           1|
    |ap_channel_done_h_graph_V_49              |       and|   0|  0|   2|           1|           1|
    |ap_channel_done_h_graph_V_5               |       and|   0|  0|   2|           1|           1|
    |ap_channel_done_h_graph_V_50              |       and|   0|  0|   2|           1|           1|
    |ap_channel_done_h_graph_V_51              |       and|   0|  0|   2|           1|           1|
    |ap_channel_done_h_graph_V_52              |       and|   0|  0|   2|           1|           1|
    |ap_channel_done_h_graph_V_53              |       and|   0|  0|   2|           1|           1|
    |ap_channel_done_h_graph_V_54              |       and|   0|  0|   2|           1|           1|
    |ap_channel_done_h_graph_V_55              |       and|   0|  0|   2|           1|           1|
    |ap_channel_done_h_graph_V_56              |       and|   0|  0|   2|           1|           1|
    |ap_channel_done_h_graph_V_57              |       and|   0|  0|   2|           1|           1|
    |ap_channel_done_h_graph_V_58              |       and|   0|  0|   2|           1|           1|
    |ap_channel_done_h_graph_V_59              |       and|   0|  0|   2|           1|           1|
    |ap_channel_done_h_graph_V_6               |       and|   0|  0|   2|           1|           1|
    |ap_channel_done_h_graph_V_60              |       and|   0|  0|   2|           1|           1|
    |ap_channel_done_h_graph_V_61              |       and|   0|  0|   2|           1|           1|
    |ap_channel_done_h_graph_V_62              |       and|   0|  0|   2|           1|           1|
    |ap_channel_done_h_graph_V_63              |       and|   0|  0|   2|           1|           1|
    |ap_channel_done_h_graph_V_64              |       and|   0|  0|   2|           1|           1|
    |ap_channel_done_h_graph_V_65              |       and|   0|  0|   2|           1|           1|
    |ap_channel_done_h_graph_V_66              |       and|   0|  0|   2|           1|           1|
    |ap_channel_done_h_graph_V_67              |       and|   0|  0|   2|           1|           1|
    |ap_channel_done_h_graph_V_68              |       and|   0|  0|   2|           1|           1|
    |ap_channel_done_h_graph_V_69              |       and|   0|  0|   2|           1|           1|
    |ap_channel_done_h_graph_V_7               |       and|   0|  0|   2|           1|           1|
    |ap_channel_done_h_graph_V_70              |       and|   0|  0|   2|           1|           1|
    |ap_channel_done_h_graph_V_71              |       and|   0|  0|   2|           1|           1|
    |ap_channel_done_h_graph_V_72              |       and|   0|  0|   2|           1|           1|
    |ap_channel_done_h_graph_V_73              |       and|   0|  0|   2|           1|           1|
    |ap_channel_done_h_graph_V_74              |       and|   0|  0|   2|           1|           1|
    |ap_channel_done_h_graph_V_75              |       and|   0|  0|   2|           1|           1|
    |ap_channel_done_h_graph_V_76              |       and|   0|  0|   2|           1|           1|
    |ap_channel_done_h_graph_V_77              |       and|   0|  0|   2|           1|           1|
    |ap_channel_done_h_graph_V_78              |       and|   0|  0|   2|           1|           1|
    |ap_channel_done_h_graph_V_79              |       and|   0|  0|   2|           1|           1|
    |ap_channel_done_h_graph_V_8               |       and|   0|  0|   2|           1|           1|
    |ap_channel_done_h_graph_V_80              |       and|   0|  0|   2|           1|           1|
    |ap_channel_done_h_graph_V_81              |       and|   0|  0|   2|           1|           1|
    |ap_channel_done_h_graph_V_82              |       and|   0|  0|   2|           1|           1|
    |ap_channel_done_h_graph_V_83              |       and|   0|  0|   2|           1|           1|
    |ap_channel_done_h_graph_V_84              |       and|   0|  0|   2|           1|           1|
    |ap_channel_done_h_graph_V_85              |       and|   0|  0|   2|           1|           1|
    |ap_channel_done_h_graph_V_86              |       and|   0|  0|   2|           1|           1|
    |ap_channel_done_h_graph_V_87              |       and|   0|  0|   2|           1|           1|
    |ap_channel_done_h_graph_V_88              |       and|   0|  0|   2|           1|           1|
    |ap_channel_done_h_graph_V_89              |       and|   0|  0|   2|           1|           1|
    |ap_channel_done_h_graph_V_9               |       and|   0|  0|   2|           1|           1|
    |ap_channel_done_h_graph_V_90              |       and|   0|  0|   2|           1|           1|
    |ap_channel_done_h_graph_V_91              |       and|   0|  0|   2|           1|           1|
    |ap_channel_done_h_graph_V_92              |       and|   0|  0|   2|           1|           1|
    |ap_channel_done_h_graph_V_93              |       and|   0|  0|   2|           1|           1|
    |ap_channel_done_h_graph_V_94              |       and|   0|  0|   2|           1|           1|
    |ap_channel_done_h_graph_V_95              |       and|   0|  0|   2|           1|           1|
    |ap_channel_done_h_graph_V_96              |       and|   0|  0|   2|           1|           1|
    |ap_channel_done_h_graph_V_97              |       and|   0|  0|   2|           1|           1|
    |ap_channel_done_h_graph_V_98              |       and|   0|  0|   2|           1|           1|
    |ap_channel_done_h_graph_V_99              |       and|   0|  0|   2|           1|           1|
    |ap_idle                                   |       and|   0|  0|   2|           1|           1|
    |ap_sync_ready                             |       and|   0|  0|   2|           1|           1|
    |entry_proc78_U0_ap_start                  |       and|   0|  0|   2|           1|           1|
    |global_mean_pooling_U0_ap_continue        |       and|   0|  0|   2|           1|           1|
    |global_mean_pooling_U0_ap_start           |       and|   0|  0|   2|           1|           1|
    |linear_100_1_1_false_U0_ap_start          |       and|   0|  0|   2|           1|           1|
    |ap_sync_channel_write_h_graph_V_0         |        or|   0|  0|   2|           1|           1|
    |ap_sync_channel_write_h_graph_V_1         |        or|   0|  0|   2|           1|           1|
    |ap_sync_channel_write_h_graph_V_10        |        or|   0|  0|   2|           1|           1|
    |ap_sync_channel_write_h_graph_V_11        |        or|   0|  0|   2|           1|           1|
    |ap_sync_channel_write_h_graph_V_12        |        or|   0|  0|   2|           1|           1|
    |ap_sync_channel_write_h_graph_V_13        |        or|   0|  0|   2|           1|           1|
    |ap_sync_channel_write_h_graph_V_14        |        or|   0|  0|   2|           1|           1|
    |ap_sync_channel_write_h_graph_V_15        |        or|   0|  0|   2|           1|           1|
    |ap_sync_channel_write_h_graph_V_16        |        or|   0|  0|   2|           1|           1|
    |ap_sync_channel_write_h_graph_V_17        |        or|   0|  0|   2|           1|           1|
    |ap_sync_channel_write_h_graph_V_18        |        or|   0|  0|   2|           1|           1|
    |ap_sync_channel_write_h_graph_V_19        |        or|   0|  0|   2|           1|           1|
    |ap_sync_channel_write_h_graph_V_2         |        or|   0|  0|   2|           1|           1|
    |ap_sync_channel_write_h_graph_V_20        |        or|   0|  0|   2|           1|           1|
    |ap_sync_channel_write_h_graph_V_21        |        or|   0|  0|   2|           1|           1|
    |ap_sync_channel_write_h_graph_V_22        |        or|   0|  0|   2|           1|           1|
    |ap_sync_channel_write_h_graph_V_23        |        or|   0|  0|   2|           1|           1|
    |ap_sync_channel_write_h_graph_V_24        |        or|   0|  0|   2|           1|           1|
    |ap_sync_channel_write_h_graph_V_25        |        or|   0|  0|   2|           1|           1|
    |ap_sync_channel_write_h_graph_V_26        |        or|   0|  0|   2|           1|           1|
    |ap_sync_channel_write_h_graph_V_27        |        or|   0|  0|   2|           1|           1|
    |ap_sync_channel_write_h_graph_V_28        |        or|   0|  0|   2|           1|           1|
    |ap_sync_channel_write_h_graph_V_29        |        or|   0|  0|   2|           1|           1|
    |ap_sync_channel_write_h_graph_V_3         |        or|   0|  0|   2|           1|           1|
    |ap_sync_channel_write_h_graph_V_30        |        or|   0|  0|   2|           1|           1|
    |ap_sync_channel_write_h_graph_V_31        |        or|   0|  0|   2|           1|           1|
    |ap_sync_channel_write_h_graph_V_32        |        or|   0|  0|   2|           1|           1|
    |ap_sync_channel_write_h_graph_V_33        |        or|   0|  0|   2|           1|           1|
    |ap_sync_channel_write_h_graph_V_34        |        or|   0|  0|   2|           1|           1|
    |ap_sync_channel_write_h_graph_V_35        |        or|   0|  0|   2|           1|           1|
    |ap_sync_channel_write_h_graph_V_36        |        or|   0|  0|   2|           1|           1|
    |ap_sync_channel_write_h_graph_V_37        |        or|   0|  0|   2|           1|           1|
    |ap_sync_channel_write_h_graph_V_38        |        or|   0|  0|   2|           1|           1|
    |ap_sync_channel_write_h_graph_V_39        |        or|   0|  0|   2|           1|           1|
    |ap_sync_channel_write_h_graph_V_4         |        or|   0|  0|   2|           1|           1|
    |ap_sync_channel_write_h_graph_V_40        |        or|   0|  0|   2|           1|           1|
    |ap_sync_channel_write_h_graph_V_41        |        or|   0|  0|   2|           1|           1|
    |ap_sync_channel_write_h_graph_V_42        |        or|   0|  0|   2|           1|           1|
    |ap_sync_channel_write_h_graph_V_43        |        or|   0|  0|   2|           1|           1|
    |ap_sync_channel_write_h_graph_V_44        |        or|   0|  0|   2|           1|           1|
    |ap_sync_channel_write_h_graph_V_45        |        or|   0|  0|   2|           1|           1|
    |ap_sync_channel_write_h_graph_V_46        |        or|   0|  0|   2|           1|           1|
    |ap_sync_channel_write_h_graph_V_47        |        or|   0|  0|   2|           1|           1|
    |ap_sync_channel_write_h_graph_V_48        |        or|   0|  0|   2|           1|           1|
    |ap_sync_channel_write_h_graph_V_49        |        or|   0|  0|   2|           1|           1|
    |ap_sync_channel_write_h_graph_V_5         |        or|   0|  0|   2|           1|           1|
    |ap_sync_channel_write_h_graph_V_50        |        or|   0|  0|   2|           1|           1|
    |ap_sync_channel_write_h_graph_V_51        |        or|   0|  0|   2|           1|           1|
    |ap_sync_channel_write_h_graph_V_52        |        or|   0|  0|   2|           1|           1|
    |ap_sync_channel_write_h_graph_V_53        |        or|   0|  0|   2|           1|           1|
    |ap_sync_channel_write_h_graph_V_54        |        or|   0|  0|   2|           1|           1|
    |ap_sync_channel_write_h_graph_V_55        |        or|   0|  0|   2|           1|           1|
    |ap_sync_channel_write_h_graph_V_56        |        or|   0|  0|   2|           1|           1|
    |ap_sync_channel_write_h_graph_V_57        |        or|   0|  0|   2|           1|           1|
    |ap_sync_channel_write_h_graph_V_58        |        or|   0|  0|   2|           1|           1|
    |ap_sync_channel_write_h_graph_V_59        |        or|   0|  0|   2|           1|           1|
    |ap_sync_channel_write_h_graph_V_6         |        or|   0|  0|   2|           1|           1|
    |ap_sync_channel_write_h_graph_V_60        |        or|   0|  0|   2|           1|           1|
    |ap_sync_channel_write_h_graph_V_61        |        or|   0|  0|   2|           1|           1|
    |ap_sync_channel_write_h_graph_V_62        |        or|   0|  0|   2|           1|           1|
    |ap_sync_channel_write_h_graph_V_63        |        or|   0|  0|   2|           1|           1|
    |ap_sync_channel_write_h_graph_V_64        |        or|   0|  0|   2|           1|           1|
    |ap_sync_channel_write_h_graph_V_65        |        or|   0|  0|   2|           1|           1|
    |ap_sync_channel_write_h_graph_V_66        |        or|   0|  0|   2|           1|           1|
    |ap_sync_channel_write_h_graph_V_67        |        or|   0|  0|   2|           1|           1|
    |ap_sync_channel_write_h_graph_V_68        |        or|   0|  0|   2|           1|           1|
    |ap_sync_channel_write_h_graph_V_69        |        or|   0|  0|   2|           1|           1|
    |ap_sync_channel_write_h_graph_V_7         |        or|   0|  0|   2|           1|           1|
    |ap_sync_channel_write_h_graph_V_70        |        or|   0|  0|   2|           1|           1|
    |ap_sync_channel_write_h_graph_V_71        |        or|   0|  0|   2|           1|           1|
    |ap_sync_channel_write_h_graph_V_72        |        or|   0|  0|   2|           1|           1|
    |ap_sync_channel_write_h_graph_V_73        |        or|   0|  0|   2|           1|           1|
    |ap_sync_channel_write_h_graph_V_74        |        or|   0|  0|   2|           1|           1|
    |ap_sync_channel_write_h_graph_V_75        |        or|   0|  0|   2|           1|           1|
    |ap_sync_channel_write_h_graph_V_76        |        or|   0|  0|   2|           1|           1|
    |ap_sync_channel_write_h_graph_V_77        |        or|   0|  0|   2|           1|           1|
    |ap_sync_channel_write_h_graph_V_78        |        or|   0|  0|   2|           1|           1|
    |ap_sync_channel_write_h_graph_V_79        |        or|   0|  0|   2|           1|           1|
    |ap_sync_channel_write_h_graph_V_8         |        or|   0|  0|   2|           1|           1|
    |ap_sync_channel_write_h_graph_V_80        |        or|   0|  0|   2|           1|           1|
    |ap_sync_channel_write_h_graph_V_81        |        or|   0|  0|   2|           1|           1|
    |ap_sync_channel_write_h_graph_V_82        |        or|   0|  0|   2|           1|           1|
    |ap_sync_channel_write_h_graph_V_83        |        or|   0|  0|   2|           1|           1|
    |ap_sync_channel_write_h_graph_V_84        |        or|   0|  0|   2|           1|           1|
    |ap_sync_channel_write_h_graph_V_85        |        or|   0|  0|   2|           1|           1|
    |ap_sync_channel_write_h_graph_V_86        |        or|   0|  0|   2|           1|           1|
    |ap_sync_channel_write_h_graph_V_87        |        or|   0|  0|   2|           1|           1|
    |ap_sync_channel_write_h_graph_V_88        |        or|   0|  0|   2|           1|           1|
    |ap_sync_channel_write_h_graph_V_89        |        or|   0|  0|   2|           1|           1|
    |ap_sync_channel_write_h_graph_V_9         |        or|   0|  0|   2|           1|           1|
    |ap_sync_channel_write_h_graph_V_90        |        or|   0|  0|   2|           1|           1|
    |ap_sync_channel_write_h_graph_V_91        |        or|   0|  0|   2|           1|           1|
    |ap_sync_channel_write_h_graph_V_92        |        or|   0|  0|   2|           1|           1|
    |ap_sync_channel_write_h_graph_V_93        |        or|   0|  0|   2|           1|           1|
    |ap_sync_channel_write_h_graph_V_94        |        or|   0|  0|   2|           1|           1|
    |ap_sync_channel_write_h_graph_V_95        |        or|   0|  0|   2|           1|           1|
    |ap_sync_channel_write_h_graph_V_96        |        or|   0|  0|   2|           1|           1|
    |ap_sync_channel_write_h_graph_V_97        |        or|   0|  0|   2|           1|           1|
    |ap_sync_channel_write_h_graph_V_98        |        or|   0|  0|   2|           1|           1|
    |ap_sync_channel_write_h_graph_V_99        |        or|   0|  0|   2|           1|           1|
    |ap_sync_entry_proc78_U0_ap_ready          |        or|   0|  0|   2|           1|           1|
    |ap_sync_global_mean_pooling_U0_ap_ready   |        or|   0|  0|   2|           1|           1|
    |ap_sync_linear_100_1_1_false_U0_ap_ready  |        or|   0|  0|   2|           1|           1|
    +------------------------------------------+----------+----+---+----+------------+------------+
    |Total                                     |          |   0|  0| 418|         209|         209|
    +------------------------------------------+----------+----+---+----+------------+------------+

    * Multiplexer: 
    +----------------------------------------------+----+-----------+-----+-----------+
    |                     Name                     | LUT| Input Size| Bits| Total Bits|
    +----------------------------------------------+----+-----------+-----+-----------+
    |ap_sync_reg_channel_write_h_graph_V_0         |   9|          2|    1|          2|
    |ap_sync_reg_channel_write_h_graph_V_1         |   9|          2|    1|          2|
    |ap_sync_reg_channel_write_h_graph_V_10        |   9|          2|    1|          2|
    |ap_sync_reg_channel_write_h_graph_V_11        |   9|          2|    1|          2|
    |ap_sync_reg_channel_write_h_graph_V_12        |   9|          2|    1|          2|
    |ap_sync_reg_channel_write_h_graph_V_13        |   9|          2|    1|          2|
    |ap_sync_reg_channel_write_h_graph_V_14        |   9|          2|    1|          2|
    |ap_sync_reg_channel_write_h_graph_V_15        |   9|          2|    1|          2|
    |ap_sync_reg_channel_write_h_graph_V_16        |   9|          2|    1|          2|
    |ap_sync_reg_channel_write_h_graph_V_17        |   9|          2|    1|          2|
    |ap_sync_reg_channel_write_h_graph_V_18        |   9|          2|    1|          2|
    |ap_sync_reg_channel_write_h_graph_V_19        |   9|          2|    1|          2|
    |ap_sync_reg_channel_write_h_graph_V_2         |   9|          2|    1|          2|
    |ap_sync_reg_channel_write_h_graph_V_20        |   9|          2|    1|          2|
    |ap_sync_reg_channel_write_h_graph_V_21        |   9|          2|    1|          2|
    |ap_sync_reg_channel_write_h_graph_V_22        |   9|          2|    1|          2|
    |ap_sync_reg_channel_write_h_graph_V_23        |   9|          2|    1|          2|
    |ap_sync_reg_channel_write_h_graph_V_24        |   9|          2|    1|          2|
    |ap_sync_reg_channel_write_h_graph_V_25        |   9|          2|    1|          2|
    |ap_sync_reg_channel_write_h_graph_V_26        |   9|          2|    1|          2|
    |ap_sync_reg_channel_write_h_graph_V_27        |   9|          2|    1|          2|
    |ap_sync_reg_channel_write_h_graph_V_28        |   9|          2|    1|          2|
    |ap_sync_reg_channel_write_h_graph_V_29        |   9|          2|    1|          2|
    |ap_sync_reg_channel_write_h_graph_V_3         |   9|          2|    1|          2|
    |ap_sync_reg_channel_write_h_graph_V_30        |   9|          2|    1|          2|
    |ap_sync_reg_channel_write_h_graph_V_31        |   9|          2|    1|          2|
    |ap_sync_reg_channel_write_h_graph_V_32        |   9|          2|    1|          2|
    |ap_sync_reg_channel_write_h_graph_V_33        |   9|          2|    1|          2|
    |ap_sync_reg_channel_write_h_graph_V_34        |   9|          2|    1|          2|
    |ap_sync_reg_channel_write_h_graph_V_35        |   9|          2|    1|          2|
    |ap_sync_reg_channel_write_h_graph_V_36        |   9|          2|    1|          2|
    |ap_sync_reg_channel_write_h_graph_V_37        |   9|          2|    1|          2|
    |ap_sync_reg_channel_write_h_graph_V_38        |   9|          2|    1|          2|
    |ap_sync_reg_channel_write_h_graph_V_39        |   9|          2|    1|          2|
    |ap_sync_reg_channel_write_h_graph_V_4         |   9|          2|    1|          2|
    |ap_sync_reg_channel_write_h_graph_V_40        |   9|          2|    1|          2|
    |ap_sync_reg_channel_write_h_graph_V_41        |   9|          2|    1|          2|
    |ap_sync_reg_channel_write_h_graph_V_42        |   9|          2|    1|          2|
    |ap_sync_reg_channel_write_h_graph_V_43        |   9|          2|    1|          2|
    |ap_sync_reg_channel_write_h_graph_V_44        |   9|          2|    1|          2|
    |ap_sync_reg_channel_write_h_graph_V_45        |   9|          2|    1|          2|
    |ap_sync_reg_channel_write_h_graph_V_46        |   9|          2|    1|          2|
    |ap_sync_reg_channel_write_h_graph_V_47        |   9|          2|    1|          2|
    |ap_sync_reg_channel_write_h_graph_V_48        |   9|          2|    1|          2|
    |ap_sync_reg_channel_write_h_graph_V_49        |   9|          2|    1|          2|
    |ap_sync_reg_channel_write_h_graph_V_5         |   9|          2|    1|          2|
    |ap_sync_reg_channel_write_h_graph_V_50        |   9|          2|    1|          2|
    |ap_sync_reg_channel_write_h_graph_V_51        |   9|          2|    1|          2|
    |ap_sync_reg_channel_write_h_graph_V_52        |   9|          2|    1|          2|
    |ap_sync_reg_channel_write_h_graph_V_53        |   9|          2|    1|          2|
    |ap_sync_reg_channel_write_h_graph_V_54        |   9|          2|    1|          2|
    |ap_sync_reg_channel_write_h_graph_V_55        |   9|          2|    1|          2|
    |ap_sync_reg_channel_write_h_graph_V_56        |   9|          2|    1|          2|
    |ap_sync_reg_channel_write_h_graph_V_57        |   9|          2|    1|          2|
    |ap_sync_reg_channel_write_h_graph_V_58        |   9|          2|    1|          2|
    |ap_sync_reg_channel_write_h_graph_V_59        |   9|          2|    1|          2|
    |ap_sync_reg_channel_write_h_graph_V_6         |   9|          2|    1|          2|
    |ap_sync_reg_channel_write_h_graph_V_60        |   9|          2|    1|          2|
    |ap_sync_reg_channel_write_h_graph_V_61        |   9|          2|    1|          2|
    |ap_sync_reg_channel_write_h_graph_V_62        |   9|          2|    1|          2|
    |ap_sync_reg_channel_write_h_graph_V_63        |   9|          2|    1|          2|
    |ap_sync_reg_channel_write_h_graph_V_64        |   9|          2|    1|          2|
    |ap_sync_reg_channel_write_h_graph_V_65        |   9|          2|    1|          2|
    |ap_sync_reg_channel_write_h_graph_V_66        |   9|          2|    1|          2|
    |ap_sync_reg_channel_write_h_graph_V_67        |   9|          2|    1|          2|
    |ap_sync_reg_channel_write_h_graph_V_68        |   9|          2|    1|          2|
    |ap_sync_reg_channel_write_h_graph_V_69        |   9|          2|    1|          2|
    |ap_sync_reg_channel_write_h_graph_V_7         |   9|          2|    1|          2|
    |ap_sync_reg_channel_write_h_graph_V_70        |   9|          2|    1|          2|
    |ap_sync_reg_channel_write_h_graph_V_71        |   9|          2|    1|          2|
    |ap_sync_reg_channel_write_h_graph_V_72        |   9|          2|    1|          2|
    |ap_sync_reg_channel_write_h_graph_V_73        |   9|          2|    1|          2|
    |ap_sync_reg_channel_write_h_graph_V_74        |   9|          2|    1|          2|
    |ap_sync_reg_channel_write_h_graph_V_75        |   9|          2|    1|          2|
    |ap_sync_reg_channel_write_h_graph_V_76        |   9|          2|    1|          2|
    |ap_sync_reg_channel_write_h_graph_V_77        |   9|          2|    1|          2|
    |ap_sync_reg_channel_write_h_graph_V_78        |   9|          2|    1|          2|
    |ap_sync_reg_channel_write_h_graph_V_79        |   9|          2|    1|          2|
    |ap_sync_reg_channel_write_h_graph_V_8         |   9|          2|    1|          2|
    |ap_sync_reg_channel_write_h_graph_V_80        |   9|          2|    1|          2|
    |ap_sync_reg_channel_write_h_graph_V_81        |   9|          2|    1|          2|
    |ap_sync_reg_channel_write_h_graph_V_82        |   9|          2|    1|          2|
    |ap_sync_reg_channel_write_h_graph_V_83        |   9|          2|    1|          2|
    |ap_sync_reg_channel_write_h_graph_V_84        |   9|          2|    1|          2|
    |ap_sync_reg_channel_write_h_graph_V_85        |   9|          2|    1|          2|
    |ap_sync_reg_channel_write_h_graph_V_86        |   9|          2|    1|          2|
    |ap_sync_reg_channel_write_h_graph_V_87        |   9|          2|    1|          2|
    |ap_sync_reg_channel_write_h_graph_V_88        |   9|          2|    1|          2|
    |ap_sync_reg_channel_write_h_graph_V_89        |   9|          2|    1|          2|
    |ap_sync_reg_channel_write_h_graph_V_9         |   9|          2|    1|          2|
    |ap_sync_reg_channel_write_h_graph_V_90        |   9|          2|    1|          2|
    |ap_sync_reg_channel_write_h_graph_V_91        |   9|          2|    1|          2|
    |ap_sync_reg_channel_write_h_graph_V_92        |   9|          2|    1|          2|
    |ap_sync_reg_channel_write_h_graph_V_93        |   9|          2|    1|          2|
    |ap_sync_reg_channel_write_h_graph_V_94        |   9|          2|    1|          2|
    |ap_sync_reg_channel_write_h_graph_V_95        |   9|          2|    1|          2|
    |ap_sync_reg_channel_write_h_graph_V_96        |   9|          2|    1|          2|
    |ap_sync_reg_channel_write_h_graph_V_97        |   9|          2|    1|          2|
    |ap_sync_reg_channel_write_h_graph_V_98        |   9|          2|    1|          2|
    |ap_sync_reg_channel_write_h_graph_V_99        |   9|          2|    1|          2|
    |ap_sync_reg_entry_proc78_U0_ap_ready          |   9|          2|    1|          2|
    |ap_sync_reg_global_mean_pooling_U0_ap_ready   |   9|          2|    1|          2|
    |ap_sync_reg_linear_100_1_1_false_U0_ap_ready  |   9|          2|    1|          2|
    +----------------------------------------------+----+-----------+-----+-----------+
    |Total                                         | 927|        206|  103|        206|
    +----------------------------------------------+----+-----------+-----+-----------+

    * Register: 
    +----------------------------------------------+---+----+-----+-----------+
    |                     Name                     | FF| LUT| Bits| Const Bits|
    +----------------------------------------------+---+----+-----+-----------+
    |ap_sync_reg_channel_write_h_graph_V_0         |  1|   0|    1|          0|
    |ap_sync_reg_channel_write_h_graph_V_1         |  1|   0|    1|          0|
    |ap_sync_reg_channel_write_h_graph_V_10        |  1|   0|    1|          0|
    |ap_sync_reg_channel_write_h_graph_V_11        |  1|   0|    1|          0|
    |ap_sync_reg_channel_write_h_graph_V_12        |  1|   0|    1|          0|
    |ap_sync_reg_channel_write_h_graph_V_13        |  1|   0|    1|          0|
    |ap_sync_reg_channel_write_h_graph_V_14        |  1|   0|    1|          0|
    |ap_sync_reg_channel_write_h_graph_V_15        |  1|   0|    1|          0|
    |ap_sync_reg_channel_write_h_graph_V_16        |  1|   0|    1|          0|
    |ap_sync_reg_channel_write_h_graph_V_17        |  1|   0|    1|          0|
    |ap_sync_reg_channel_write_h_graph_V_18        |  1|   0|    1|          0|
    |ap_sync_reg_channel_write_h_graph_V_19        |  1|   0|    1|          0|
    |ap_sync_reg_channel_write_h_graph_V_2         |  1|   0|    1|          0|
    |ap_sync_reg_channel_write_h_graph_V_20        |  1|   0|    1|          0|
    |ap_sync_reg_channel_write_h_graph_V_21        |  1|   0|    1|          0|
    |ap_sync_reg_channel_write_h_graph_V_22        |  1|   0|    1|          0|
    |ap_sync_reg_channel_write_h_graph_V_23        |  1|   0|    1|          0|
    |ap_sync_reg_channel_write_h_graph_V_24        |  1|   0|    1|          0|
    |ap_sync_reg_channel_write_h_graph_V_25        |  1|   0|    1|          0|
    |ap_sync_reg_channel_write_h_graph_V_26        |  1|   0|    1|          0|
    |ap_sync_reg_channel_write_h_graph_V_27        |  1|   0|    1|          0|
    |ap_sync_reg_channel_write_h_graph_V_28        |  1|   0|    1|          0|
    |ap_sync_reg_channel_write_h_graph_V_29        |  1|   0|    1|          0|
    |ap_sync_reg_channel_write_h_graph_V_3         |  1|   0|    1|          0|
    |ap_sync_reg_channel_write_h_graph_V_30        |  1|   0|    1|          0|
    |ap_sync_reg_channel_write_h_graph_V_31        |  1|   0|    1|          0|
    |ap_sync_reg_channel_write_h_graph_V_32        |  1|   0|    1|          0|
    |ap_sync_reg_channel_write_h_graph_V_33        |  1|   0|    1|          0|
    |ap_sync_reg_channel_write_h_graph_V_34        |  1|   0|    1|          0|
    |ap_sync_reg_channel_write_h_graph_V_35        |  1|   0|    1|          0|
    |ap_sync_reg_channel_write_h_graph_V_36        |  1|   0|    1|          0|
    |ap_sync_reg_channel_write_h_graph_V_37        |  1|   0|    1|          0|
    |ap_sync_reg_channel_write_h_graph_V_38        |  1|   0|    1|          0|
    |ap_sync_reg_channel_write_h_graph_V_39        |  1|   0|    1|          0|
    |ap_sync_reg_channel_write_h_graph_V_4         |  1|   0|    1|          0|
    |ap_sync_reg_channel_write_h_graph_V_40        |  1|   0|    1|          0|
    |ap_sync_reg_channel_write_h_graph_V_41        |  1|   0|    1|          0|
    |ap_sync_reg_channel_write_h_graph_V_42        |  1|   0|    1|          0|
    |ap_sync_reg_channel_write_h_graph_V_43        |  1|   0|    1|          0|
    |ap_sync_reg_channel_write_h_graph_V_44        |  1|   0|    1|          0|
    |ap_sync_reg_channel_write_h_graph_V_45        |  1|   0|    1|          0|
    |ap_sync_reg_channel_write_h_graph_V_46        |  1|   0|    1|          0|
    |ap_sync_reg_channel_write_h_graph_V_47        |  1|   0|    1|          0|
    |ap_sync_reg_channel_write_h_graph_V_48        |  1|   0|    1|          0|
    |ap_sync_reg_channel_write_h_graph_V_49        |  1|   0|    1|          0|
    |ap_sync_reg_channel_write_h_graph_V_5         |  1|   0|    1|          0|
    |ap_sync_reg_channel_write_h_graph_V_50        |  1|   0|    1|          0|
    |ap_sync_reg_channel_write_h_graph_V_51        |  1|   0|    1|          0|
    |ap_sync_reg_channel_write_h_graph_V_52        |  1|   0|    1|          0|
    |ap_sync_reg_channel_write_h_graph_V_53        |  1|   0|    1|          0|
    |ap_sync_reg_channel_write_h_graph_V_54        |  1|   0|    1|          0|
    |ap_sync_reg_channel_write_h_graph_V_55        |  1|   0|    1|          0|
    |ap_sync_reg_channel_write_h_graph_V_56        |  1|   0|    1|          0|
    |ap_sync_reg_channel_write_h_graph_V_57        |  1|   0|    1|          0|
    |ap_sync_reg_channel_write_h_graph_V_58        |  1|   0|    1|          0|
    |ap_sync_reg_channel_write_h_graph_V_59        |  1|   0|    1|          0|
    |ap_sync_reg_channel_write_h_graph_V_6         |  1|   0|    1|          0|
    |ap_sync_reg_channel_write_h_graph_V_60        |  1|   0|    1|          0|
    |ap_sync_reg_channel_write_h_graph_V_61        |  1|   0|    1|          0|
    |ap_sync_reg_channel_write_h_graph_V_62        |  1|   0|    1|          0|
    |ap_sync_reg_channel_write_h_graph_V_63        |  1|   0|    1|          0|
    |ap_sync_reg_channel_write_h_graph_V_64        |  1|   0|    1|          0|
    |ap_sync_reg_channel_write_h_graph_V_65        |  1|   0|    1|          0|
    |ap_sync_reg_channel_write_h_graph_V_66        |  1|   0|    1|          0|
    |ap_sync_reg_channel_write_h_graph_V_67        |  1|   0|    1|          0|
    |ap_sync_reg_channel_write_h_graph_V_68        |  1|   0|    1|          0|
    |ap_sync_reg_channel_write_h_graph_V_69        |  1|   0|    1|          0|
    |ap_sync_reg_channel_write_h_graph_V_7         |  1|   0|    1|          0|
    |ap_sync_reg_channel_write_h_graph_V_70        |  1|   0|    1|          0|
    |ap_sync_reg_channel_write_h_graph_V_71        |  1|   0|    1|          0|
    |ap_sync_reg_channel_write_h_graph_V_72        |  1|   0|    1|          0|
    |ap_sync_reg_channel_write_h_graph_V_73        |  1|   0|    1|          0|
    |ap_sync_reg_channel_write_h_graph_V_74        |  1|   0|    1|          0|
    |ap_sync_reg_channel_write_h_graph_V_75        |  1|   0|    1|          0|
    |ap_sync_reg_channel_write_h_graph_V_76        |  1|   0|    1|          0|
    |ap_sync_reg_channel_write_h_graph_V_77        |  1|   0|    1|          0|
    |ap_sync_reg_channel_write_h_graph_V_78        |  1|   0|    1|          0|
    |ap_sync_reg_channel_write_h_graph_V_79        |  1|   0|    1|          0|
    |ap_sync_reg_channel_write_h_graph_V_8         |  1|   0|    1|          0|
    |ap_sync_reg_channel_write_h_graph_V_80        |  1|   0|    1|          0|
    |ap_sync_reg_channel_write_h_graph_V_81        |  1|   0|    1|          0|
    |ap_sync_reg_channel_write_h_graph_V_82        |  1|   0|    1|          0|
    |ap_sync_reg_channel_write_h_graph_V_83        |  1|   0|    1|          0|
    |ap_sync_reg_channel_write_h_graph_V_84        |  1|   0|    1|          0|
    |ap_sync_reg_channel_write_h_graph_V_85        |  1|   0|    1|          0|
    |ap_sync_reg_channel_write_h_graph_V_86        |  1|   0|    1|          0|
    |ap_sync_reg_channel_write_h_graph_V_87        |  1|   0|    1|          0|
    |ap_sync_reg_channel_write_h_graph_V_88        |  1|   0|    1|          0|
    |ap_sync_reg_channel_write_h_graph_V_89        |  1|   0|    1|          0|
    |ap_sync_reg_channel_write_h_graph_V_9         |  1|   0|    1|          0|
    |ap_sync_reg_channel_write_h_graph_V_90        |  1|   0|    1|          0|
    |ap_sync_reg_channel_write_h_graph_V_91        |  1|   0|    1|          0|
    |ap_sync_reg_channel_write_h_graph_V_92        |  1|   0|    1|          0|
    |ap_sync_reg_channel_write_h_graph_V_93        |  1|   0|    1|          0|
    |ap_sync_reg_channel_write_h_graph_V_94        |  1|   0|    1|          0|
    |ap_sync_reg_channel_write_h_graph_V_95        |  1|   0|    1|          0|
    |ap_sync_reg_channel_write_h_graph_V_96        |  1|   0|    1|          0|
    |ap_sync_reg_channel_write_h_graph_V_97        |  1|   0|    1|          0|
    |ap_sync_reg_channel_write_h_graph_V_98        |  1|   0|    1|          0|
    |ap_sync_reg_channel_write_h_graph_V_99        |  1|   0|    1|          0|
    |ap_sync_reg_entry_proc78_U0_ap_ready          |  1|   0|    1|          0|
    |ap_sync_reg_global_mean_pooling_U0_ap_ready   |  1|   0|    1|          0|
    |ap_sync_reg_linear_100_1_1_false_U0_ap_ready  |  1|   0|    1|          0|
    +----------------------------------------------+---+----+-----+-----------+
    |Total                                         |103|   0|  103|          0|
    +----------------------------------------------+---+----+-----+-----------+



================================================================
== Interface
================================================================
* Summary: 
+----------------------------------+-----+------+------------+---------------------------+--------------+
|             RTL Ports            | Dir | Bits |  Protocol  |       Source Object       |    C Type    |
+----------------------------------+-----+------+------------+---------------------------+--------------+
|embeddings_0_0_0_0_0_dout         |   in|    16|     ap_fifo|       embeddings_0_0_0_0_0|       pointer|
|embeddings_0_0_0_0_0_empty_n      |   in|     1|     ap_fifo|       embeddings_0_0_0_0_0|       pointer|
|embeddings_0_0_0_0_0_read         |  out|     1|     ap_fifo|       embeddings_0_0_0_0_0|       pointer|
|embeddings_0_0_0_0_01_dout        |   in|    16|     ap_fifo|      embeddings_0_0_0_0_01|       pointer|
|embeddings_0_0_0_0_01_empty_n     |   in|     1|     ap_fifo|      embeddings_0_0_0_0_01|       pointer|
|embeddings_0_0_0_0_01_read        |  out|     1|     ap_fifo|      embeddings_0_0_0_0_01|       pointer|
|embeddings_0_0_0_0_012_dout       |   in|    16|     ap_fifo|     embeddings_0_0_0_0_012|       pointer|
|embeddings_0_0_0_0_012_empty_n    |   in|     1|     ap_fifo|     embeddings_0_0_0_0_012|       pointer|
|embeddings_0_0_0_0_012_read       |  out|     1|     ap_fifo|     embeddings_0_0_0_0_012|       pointer|
|embeddings_0_0_0_0_013_dout       |   in|    16|     ap_fifo|     embeddings_0_0_0_0_013|       pointer|
|embeddings_0_0_0_0_013_empty_n    |   in|     1|     ap_fifo|     embeddings_0_0_0_0_013|       pointer|
|embeddings_0_0_0_0_013_read       |  out|     1|     ap_fifo|     embeddings_0_0_0_0_013|       pointer|
|m_axi_mem_AWVALID                 |  out|     1|       m_axi|                        mem|       pointer|
|m_axi_mem_AWREADY                 |   in|     1|       m_axi|                        mem|       pointer|
|m_axi_mem_AWADDR                  |  out|    64|       m_axi|                        mem|       pointer|
|m_axi_mem_AWID                    |  out|     1|       m_axi|                        mem|       pointer|
|m_axi_mem_AWLEN                   |  out|    32|       m_axi|                        mem|       pointer|
|m_axi_mem_AWSIZE                  |  out|     3|       m_axi|                        mem|       pointer|
|m_axi_mem_AWBURST                 |  out|     2|       m_axi|                        mem|       pointer|
|m_axi_mem_AWLOCK                  |  out|     2|       m_axi|                        mem|       pointer|
|m_axi_mem_AWCACHE                 |  out|     4|       m_axi|                        mem|       pointer|
|m_axi_mem_AWPROT                  |  out|     3|       m_axi|                        mem|       pointer|
|m_axi_mem_AWQOS                   |  out|     4|       m_axi|                        mem|       pointer|
|m_axi_mem_AWREGION                |  out|     4|       m_axi|                        mem|       pointer|
|m_axi_mem_AWUSER                  |  out|     1|       m_axi|                        mem|       pointer|
|m_axi_mem_WVALID                  |  out|     1|       m_axi|                        mem|       pointer|
|m_axi_mem_WREADY                  |   in|     1|       m_axi|                        mem|       pointer|
|m_axi_mem_WDATA                   |  out|  1024|       m_axi|                        mem|       pointer|
|m_axi_mem_WSTRB                   |  out|   128|       m_axi|                        mem|       pointer|
|m_axi_mem_WLAST                   |  out|     1|       m_axi|                        mem|       pointer|
|m_axi_mem_WID                     |  out|     1|       m_axi|                        mem|       pointer|
|m_axi_mem_WUSER                   |  out|     1|       m_axi|                        mem|       pointer|
|m_axi_mem_ARVALID                 |  out|     1|       m_axi|                        mem|       pointer|
|m_axi_mem_ARREADY                 |   in|     1|       m_axi|                        mem|       pointer|
|m_axi_mem_ARADDR                  |  out|    64|       m_axi|                        mem|       pointer|
|m_axi_mem_ARID                    |  out|     1|       m_axi|                        mem|       pointer|
|m_axi_mem_ARLEN                   |  out|    32|       m_axi|                        mem|       pointer|
|m_axi_mem_ARSIZE                  |  out|     3|       m_axi|                        mem|       pointer|
|m_axi_mem_ARBURST                 |  out|     2|       m_axi|                        mem|       pointer|
|m_axi_mem_ARLOCK                  |  out|     2|       m_axi|                        mem|       pointer|
|m_axi_mem_ARCACHE                 |  out|     4|       m_axi|                        mem|       pointer|
|m_axi_mem_ARPROT                  |  out|     3|       m_axi|                        mem|       pointer|
|m_axi_mem_ARQOS                   |  out|     4|       m_axi|                        mem|       pointer|
|m_axi_mem_ARREGION                |  out|     4|       m_axi|                        mem|       pointer|
|m_axi_mem_ARUSER                  |  out|     1|       m_axi|                        mem|       pointer|
|m_axi_mem_RVALID                  |   in|     1|       m_axi|                        mem|       pointer|
|m_axi_mem_RREADY                  |  out|     1|       m_axi|                        mem|       pointer|
|m_axi_mem_RDATA                   |   in|  1024|       m_axi|                        mem|       pointer|
|m_axi_mem_RLAST                   |   in|     1|       m_axi|                        mem|       pointer|
|m_axi_mem_RID                     |   in|     1|       m_axi|                        mem|       pointer|
|m_axi_mem_RUSER                   |   in|     1|       m_axi|                        mem|       pointer|
|m_axi_mem_RRESP                   |   in|     2|       m_axi|                        mem|       pointer|
|m_axi_mem_BVALID                  |   in|     1|       m_axi|                        mem|       pointer|
|m_axi_mem_BREADY                  |  out|     1|       m_axi|                        mem|       pointer|
|m_axi_mem_BRESP                   |   in|     2|       m_axi|                        mem|       pointer|
|m_axi_mem_BID                     |   in|     1|       m_axi|                        mem|       pointer|
|m_axi_mem_BUSER                   |   in|     1|       m_axi|                        mem|       pointer|
|result                            |   in|    64|     ap_none|                     result|        scalar|
|result_ap_vld                     |   in|     1|     ap_none|                     result|        scalar|
|num_of_nodes                      |   in|    32|     ap_none|               num_of_nodes|        scalar|
|num_of_nodes_ap_vld               |   in|     1|     ap_none|               num_of_nodes|        scalar|
|graph_pred_bias_V_0               |   in|    16|     ap_none|        graph_pred_bias_V_0|       pointer|
|graph_pred_bias_V_0_ap_vld        |   in|     1|     ap_none|        graph_pred_bias_V_0|       pointer|
|graph_pred_weights_V_0_0          |   in|    16|     ap_none|   graph_pred_weights_V_0_0|       pointer|
|graph_pred_weights_V_0_0_ap_vld   |   in|     1|     ap_none|   graph_pred_weights_V_0_0|       pointer|
|graph_pred_weights_V_0_1          |   in|    16|     ap_none|   graph_pred_weights_V_0_1|       pointer|
|graph_pred_weights_V_0_1_ap_vld   |   in|     1|     ap_none|   graph_pred_weights_V_0_1|       pointer|
|graph_pred_weights_V_0_2          |   in|    16|     ap_none|   graph_pred_weights_V_0_2|       pointer|
|graph_pred_weights_V_0_2_ap_vld   |   in|     1|     ap_none|   graph_pred_weights_V_0_2|       pointer|
|graph_pred_weights_V_0_3          |   in|    16|     ap_none|   graph_pred_weights_V_0_3|       pointer|
|graph_pred_weights_V_0_3_ap_vld   |   in|     1|     ap_none|   graph_pred_weights_V_0_3|       pointer|
|graph_pred_weights_V_0_4          |   in|    16|     ap_none|   graph_pred_weights_V_0_4|       pointer|
|graph_pred_weights_V_0_4_ap_vld   |   in|     1|     ap_none|   graph_pred_weights_V_0_4|       pointer|
|graph_pred_weights_V_0_5          |   in|    16|     ap_none|   graph_pred_weights_V_0_5|       pointer|
|graph_pred_weights_V_0_5_ap_vld   |   in|     1|     ap_none|   graph_pred_weights_V_0_5|       pointer|
|graph_pred_weights_V_0_6          |   in|    16|     ap_none|   graph_pred_weights_V_0_6|       pointer|
|graph_pred_weights_V_0_6_ap_vld   |   in|     1|     ap_none|   graph_pred_weights_V_0_6|       pointer|
|graph_pred_weights_V_0_7          |   in|    16|     ap_none|   graph_pred_weights_V_0_7|       pointer|
|graph_pred_weights_V_0_7_ap_vld   |   in|     1|     ap_none|   graph_pred_weights_V_0_7|       pointer|
|graph_pred_weights_V_0_8          |   in|    16|     ap_none|   graph_pred_weights_V_0_8|       pointer|
|graph_pred_weights_V_0_8_ap_vld   |   in|     1|     ap_none|   graph_pred_weights_V_0_8|       pointer|
|graph_pred_weights_V_0_9          |   in|    16|     ap_none|   graph_pred_weights_V_0_9|       pointer|
|graph_pred_weights_V_0_9_ap_vld   |   in|     1|     ap_none|   graph_pred_weights_V_0_9|       pointer|
|graph_pred_weights_V_0_10         |   in|    16|     ap_none|  graph_pred_weights_V_0_10|       pointer|
|graph_pred_weights_V_0_10_ap_vld  |   in|     1|     ap_none|  graph_pred_weights_V_0_10|       pointer|
|graph_pred_weights_V_0_11         |   in|    16|     ap_none|  graph_pred_weights_V_0_11|       pointer|
|graph_pred_weights_V_0_11_ap_vld  |   in|     1|     ap_none|  graph_pred_weights_V_0_11|       pointer|
|graph_pred_weights_V_0_12         |   in|    16|     ap_none|  graph_pred_weights_V_0_12|       pointer|
|graph_pred_weights_V_0_12_ap_vld  |   in|     1|     ap_none|  graph_pred_weights_V_0_12|       pointer|
|graph_pred_weights_V_0_13         |   in|    16|     ap_none|  graph_pred_weights_V_0_13|       pointer|
|graph_pred_weights_V_0_13_ap_vld  |   in|     1|     ap_none|  graph_pred_weights_V_0_13|       pointer|
|graph_pred_weights_V_0_14         |   in|    16|     ap_none|  graph_pred_weights_V_0_14|       pointer|
|graph_pred_weights_V_0_14_ap_vld  |   in|     1|     ap_none|  graph_pred_weights_V_0_14|       pointer|
|graph_pred_weights_V_0_15         |   in|    16|     ap_none|  graph_pred_weights_V_0_15|       pointer|
|graph_pred_weights_V_0_15_ap_vld  |   in|     1|     ap_none|  graph_pred_weights_V_0_15|       pointer|
|graph_pred_weights_V_0_16         |   in|    16|     ap_none|  graph_pred_weights_V_0_16|       pointer|
|graph_pred_weights_V_0_16_ap_vld  |   in|     1|     ap_none|  graph_pred_weights_V_0_16|       pointer|
|graph_pred_weights_V_0_17         |   in|    16|     ap_none|  graph_pred_weights_V_0_17|       pointer|
|graph_pred_weights_V_0_17_ap_vld  |   in|     1|     ap_none|  graph_pred_weights_V_0_17|       pointer|
|graph_pred_weights_V_0_18         |   in|    16|     ap_none|  graph_pred_weights_V_0_18|       pointer|
|graph_pred_weights_V_0_18_ap_vld  |   in|     1|     ap_none|  graph_pred_weights_V_0_18|       pointer|
|graph_pred_weights_V_0_19         |   in|    16|     ap_none|  graph_pred_weights_V_0_19|       pointer|
|graph_pred_weights_V_0_19_ap_vld  |   in|     1|     ap_none|  graph_pred_weights_V_0_19|       pointer|
|graph_pred_weights_V_0_20         |   in|    16|     ap_none|  graph_pred_weights_V_0_20|       pointer|
|graph_pred_weights_V_0_20_ap_vld  |   in|     1|     ap_none|  graph_pred_weights_V_0_20|       pointer|
|graph_pred_weights_V_0_21         |   in|    16|     ap_none|  graph_pred_weights_V_0_21|       pointer|
|graph_pred_weights_V_0_21_ap_vld  |   in|     1|     ap_none|  graph_pred_weights_V_0_21|       pointer|
|graph_pred_weights_V_0_22         |   in|    16|     ap_none|  graph_pred_weights_V_0_22|       pointer|
|graph_pred_weights_V_0_22_ap_vld  |   in|     1|     ap_none|  graph_pred_weights_V_0_22|       pointer|
|graph_pred_weights_V_0_23         |   in|    16|     ap_none|  graph_pred_weights_V_0_23|       pointer|
|graph_pred_weights_V_0_23_ap_vld  |   in|     1|     ap_none|  graph_pred_weights_V_0_23|       pointer|
|graph_pred_weights_V_0_24         |   in|    16|     ap_none|  graph_pred_weights_V_0_24|       pointer|
|graph_pred_weights_V_0_24_ap_vld  |   in|     1|     ap_none|  graph_pred_weights_V_0_24|       pointer|
|graph_pred_weights_V_0_25         |   in|    16|     ap_none|  graph_pred_weights_V_0_25|       pointer|
|graph_pred_weights_V_0_25_ap_vld  |   in|     1|     ap_none|  graph_pred_weights_V_0_25|       pointer|
|graph_pred_weights_V_0_26         |   in|    16|     ap_none|  graph_pred_weights_V_0_26|       pointer|
|graph_pred_weights_V_0_26_ap_vld  |   in|     1|     ap_none|  graph_pred_weights_V_0_26|       pointer|
|graph_pred_weights_V_0_27         |   in|    16|     ap_none|  graph_pred_weights_V_0_27|       pointer|
|graph_pred_weights_V_0_27_ap_vld  |   in|     1|     ap_none|  graph_pred_weights_V_0_27|       pointer|
|graph_pred_weights_V_0_28         |   in|    16|     ap_none|  graph_pred_weights_V_0_28|       pointer|
|graph_pred_weights_V_0_28_ap_vld  |   in|     1|     ap_none|  graph_pred_weights_V_0_28|       pointer|
|graph_pred_weights_V_0_29         |   in|    16|     ap_none|  graph_pred_weights_V_0_29|       pointer|
|graph_pred_weights_V_0_29_ap_vld  |   in|     1|     ap_none|  graph_pred_weights_V_0_29|       pointer|
|graph_pred_weights_V_0_30         |   in|    16|     ap_none|  graph_pred_weights_V_0_30|       pointer|
|graph_pred_weights_V_0_30_ap_vld  |   in|     1|     ap_none|  graph_pred_weights_V_0_30|       pointer|
|graph_pred_weights_V_0_31         |   in|    16|     ap_none|  graph_pred_weights_V_0_31|       pointer|
|graph_pred_weights_V_0_31_ap_vld  |   in|     1|     ap_none|  graph_pred_weights_V_0_31|       pointer|
|graph_pred_weights_V_0_32         |   in|    16|     ap_none|  graph_pred_weights_V_0_32|       pointer|
|graph_pred_weights_V_0_32_ap_vld  |   in|     1|     ap_none|  graph_pred_weights_V_0_32|       pointer|
|graph_pred_weights_V_0_33         |   in|    16|     ap_none|  graph_pred_weights_V_0_33|       pointer|
|graph_pred_weights_V_0_33_ap_vld  |   in|     1|     ap_none|  graph_pred_weights_V_0_33|       pointer|
|graph_pred_weights_V_0_34         |   in|    16|     ap_none|  graph_pred_weights_V_0_34|       pointer|
|graph_pred_weights_V_0_34_ap_vld  |   in|     1|     ap_none|  graph_pred_weights_V_0_34|       pointer|
|graph_pred_weights_V_0_35         |   in|    16|     ap_none|  graph_pred_weights_V_0_35|       pointer|
|graph_pred_weights_V_0_35_ap_vld  |   in|     1|     ap_none|  graph_pred_weights_V_0_35|       pointer|
|graph_pred_weights_V_0_36         |   in|    16|     ap_none|  graph_pred_weights_V_0_36|       pointer|
|graph_pred_weights_V_0_36_ap_vld  |   in|     1|     ap_none|  graph_pred_weights_V_0_36|       pointer|
|graph_pred_weights_V_0_37         |   in|    16|     ap_none|  graph_pred_weights_V_0_37|       pointer|
|graph_pred_weights_V_0_37_ap_vld  |   in|     1|     ap_none|  graph_pred_weights_V_0_37|       pointer|
|graph_pred_weights_V_0_38         |   in|    16|     ap_none|  graph_pred_weights_V_0_38|       pointer|
|graph_pred_weights_V_0_38_ap_vld  |   in|     1|     ap_none|  graph_pred_weights_V_0_38|       pointer|
|graph_pred_weights_V_0_39         |   in|    16|     ap_none|  graph_pred_weights_V_0_39|       pointer|
|graph_pred_weights_V_0_39_ap_vld  |   in|     1|     ap_none|  graph_pred_weights_V_0_39|       pointer|
|graph_pred_weights_V_0_40         |   in|    16|     ap_none|  graph_pred_weights_V_0_40|       pointer|
|graph_pred_weights_V_0_40_ap_vld  |   in|     1|     ap_none|  graph_pred_weights_V_0_40|       pointer|
|graph_pred_weights_V_0_41         |   in|    16|     ap_none|  graph_pred_weights_V_0_41|       pointer|
|graph_pred_weights_V_0_41_ap_vld  |   in|     1|     ap_none|  graph_pred_weights_V_0_41|       pointer|
|graph_pred_weights_V_0_42         |   in|    16|     ap_none|  graph_pred_weights_V_0_42|       pointer|
|graph_pred_weights_V_0_42_ap_vld  |   in|     1|     ap_none|  graph_pred_weights_V_0_42|       pointer|
|graph_pred_weights_V_0_43         |   in|    16|     ap_none|  graph_pred_weights_V_0_43|       pointer|
|graph_pred_weights_V_0_43_ap_vld  |   in|     1|     ap_none|  graph_pred_weights_V_0_43|       pointer|
|graph_pred_weights_V_0_44         |   in|    16|     ap_none|  graph_pred_weights_V_0_44|       pointer|
|graph_pred_weights_V_0_44_ap_vld  |   in|     1|     ap_none|  graph_pred_weights_V_0_44|       pointer|
|graph_pred_weights_V_0_45         |   in|    16|     ap_none|  graph_pred_weights_V_0_45|       pointer|
|graph_pred_weights_V_0_45_ap_vld  |   in|     1|     ap_none|  graph_pred_weights_V_0_45|       pointer|
|graph_pred_weights_V_0_46         |   in|    16|     ap_none|  graph_pred_weights_V_0_46|       pointer|
|graph_pred_weights_V_0_46_ap_vld  |   in|     1|     ap_none|  graph_pred_weights_V_0_46|       pointer|
|graph_pred_weights_V_0_47         |   in|    16|     ap_none|  graph_pred_weights_V_0_47|       pointer|
|graph_pred_weights_V_0_47_ap_vld  |   in|     1|     ap_none|  graph_pred_weights_V_0_47|       pointer|
|graph_pred_weights_V_0_48         |   in|    16|     ap_none|  graph_pred_weights_V_0_48|       pointer|
|graph_pred_weights_V_0_48_ap_vld  |   in|     1|     ap_none|  graph_pred_weights_V_0_48|       pointer|
|graph_pred_weights_V_0_49         |   in|    16|     ap_none|  graph_pred_weights_V_0_49|       pointer|
|graph_pred_weights_V_0_49_ap_vld  |   in|     1|     ap_none|  graph_pred_weights_V_0_49|       pointer|
|graph_pred_weights_V_0_50         |   in|    16|     ap_none|  graph_pred_weights_V_0_50|       pointer|
|graph_pred_weights_V_0_50_ap_vld  |   in|     1|     ap_none|  graph_pred_weights_V_0_50|       pointer|
|graph_pred_weights_V_0_51         |   in|    16|     ap_none|  graph_pred_weights_V_0_51|       pointer|
|graph_pred_weights_V_0_51_ap_vld  |   in|     1|     ap_none|  graph_pred_weights_V_0_51|       pointer|
|graph_pred_weights_V_0_52         |   in|    16|     ap_none|  graph_pred_weights_V_0_52|       pointer|
|graph_pred_weights_V_0_52_ap_vld  |   in|     1|     ap_none|  graph_pred_weights_V_0_52|       pointer|
|graph_pred_weights_V_0_53         |   in|    16|     ap_none|  graph_pred_weights_V_0_53|       pointer|
|graph_pred_weights_V_0_53_ap_vld  |   in|     1|     ap_none|  graph_pred_weights_V_0_53|       pointer|
|graph_pred_weights_V_0_54         |   in|    16|     ap_none|  graph_pred_weights_V_0_54|       pointer|
|graph_pred_weights_V_0_54_ap_vld  |   in|     1|     ap_none|  graph_pred_weights_V_0_54|       pointer|
|graph_pred_weights_V_0_55         |   in|    16|     ap_none|  graph_pred_weights_V_0_55|       pointer|
|graph_pred_weights_V_0_55_ap_vld  |   in|     1|     ap_none|  graph_pred_weights_V_0_55|       pointer|
|graph_pred_weights_V_0_56         |   in|    16|     ap_none|  graph_pred_weights_V_0_56|       pointer|
|graph_pred_weights_V_0_56_ap_vld  |   in|     1|     ap_none|  graph_pred_weights_V_0_56|       pointer|
|graph_pred_weights_V_0_57         |   in|    16|     ap_none|  graph_pred_weights_V_0_57|       pointer|
|graph_pred_weights_V_0_57_ap_vld  |   in|     1|     ap_none|  graph_pred_weights_V_0_57|       pointer|
|graph_pred_weights_V_0_58         |   in|    16|     ap_none|  graph_pred_weights_V_0_58|       pointer|
|graph_pred_weights_V_0_58_ap_vld  |   in|     1|     ap_none|  graph_pred_weights_V_0_58|       pointer|
|graph_pred_weights_V_0_59         |   in|    16|     ap_none|  graph_pred_weights_V_0_59|       pointer|
|graph_pred_weights_V_0_59_ap_vld  |   in|     1|     ap_none|  graph_pred_weights_V_0_59|       pointer|
|graph_pred_weights_V_0_60         |   in|    16|     ap_none|  graph_pred_weights_V_0_60|       pointer|
|graph_pred_weights_V_0_60_ap_vld  |   in|     1|     ap_none|  graph_pred_weights_V_0_60|       pointer|
|graph_pred_weights_V_0_61         |   in|    16|     ap_none|  graph_pred_weights_V_0_61|       pointer|
|graph_pred_weights_V_0_61_ap_vld  |   in|     1|     ap_none|  graph_pred_weights_V_0_61|       pointer|
|graph_pred_weights_V_0_62         |   in|    16|     ap_none|  graph_pred_weights_V_0_62|       pointer|
|graph_pred_weights_V_0_62_ap_vld  |   in|     1|     ap_none|  graph_pred_weights_V_0_62|       pointer|
|graph_pred_weights_V_0_63         |   in|    16|     ap_none|  graph_pred_weights_V_0_63|       pointer|
|graph_pred_weights_V_0_63_ap_vld  |   in|     1|     ap_none|  graph_pred_weights_V_0_63|       pointer|
|graph_pred_weights_V_0_64         |   in|    16|     ap_none|  graph_pred_weights_V_0_64|       pointer|
|graph_pred_weights_V_0_64_ap_vld  |   in|     1|     ap_none|  graph_pred_weights_V_0_64|       pointer|
|graph_pred_weights_V_0_65         |   in|    16|     ap_none|  graph_pred_weights_V_0_65|       pointer|
|graph_pred_weights_V_0_65_ap_vld  |   in|     1|     ap_none|  graph_pred_weights_V_0_65|       pointer|
|graph_pred_weights_V_0_66         |   in|    16|     ap_none|  graph_pred_weights_V_0_66|       pointer|
|graph_pred_weights_V_0_66_ap_vld  |   in|     1|     ap_none|  graph_pred_weights_V_0_66|       pointer|
|graph_pred_weights_V_0_67         |   in|    16|     ap_none|  graph_pred_weights_V_0_67|       pointer|
|graph_pred_weights_V_0_67_ap_vld  |   in|     1|     ap_none|  graph_pred_weights_V_0_67|       pointer|
|graph_pred_weights_V_0_68         |   in|    16|     ap_none|  graph_pred_weights_V_0_68|       pointer|
|graph_pred_weights_V_0_68_ap_vld  |   in|     1|     ap_none|  graph_pred_weights_V_0_68|       pointer|
|graph_pred_weights_V_0_69         |   in|    16|     ap_none|  graph_pred_weights_V_0_69|       pointer|
|graph_pred_weights_V_0_69_ap_vld  |   in|     1|     ap_none|  graph_pred_weights_V_0_69|       pointer|
|graph_pred_weights_V_0_70         |   in|    16|     ap_none|  graph_pred_weights_V_0_70|       pointer|
|graph_pred_weights_V_0_70_ap_vld  |   in|     1|     ap_none|  graph_pred_weights_V_0_70|       pointer|
|graph_pred_weights_V_0_71         |   in|    16|     ap_none|  graph_pred_weights_V_0_71|       pointer|
|graph_pred_weights_V_0_71_ap_vld  |   in|     1|     ap_none|  graph_pred_weights_V_0_71|       pointer|
|graph_pred_weights_V_0_72         |   in|    16|     ap_none|  graph_pred_weights_V_0_72|       pointer|
|graph_pred_weights_V_0_72_ap_vld  |   in|     1|     ap_none|  graph_pred_weights_V_0_72|       pointer|
|graph_pred_weights_V_0_73         |   in|    16|     ap_none|  graph_pred_weights_V_0_73|       pointer|
|graph_pred_weights_V_0_73_ap_vld  |   in|     1|     ap_none|  graph_pred_weights_V_0_73|       pointer|
|graph_pred_weights_V_0_74         |   in|    16|     ap_none|  graph_pred_weights_V_0_74|       pointer|
|graph_pred_weights_V_0_74_ap_vld  |   in|     1|     ap_none|  graph_pred_weights_V_0_74|       pointer|
|graph_pred_weights_V_0_75         |   in|    16|     ap_none|  graph_pred_weights_V_0_75|       pointer|
|graph_pred_weights_V_0_75_ap_vld  |   in|     1|     ap_none|  graph_pred_weights_V_0_75|       pointer|
|graph_pred_weights_V_0_76         |   in|    16|     ap_none|  graph_pred_weights_V_0_76|       pointer|
|graph_pred_weights_V_0_76_ap_vld  |   in|     1|     ap_none|  graph_pred_weights_V_0_76|       pointer|
|graph_pred_weights_V_0_77         |   in|    16|     ap_none|  graph_pred_weights_V_0_77|       pointer|
|graph_pred_weights_V_0_77_ap_vld  |   in|     1|     ap_none|  graph_pred_weights_V_0_77|       pointer|
|graph_pred_weights_V_0_78         |   in|    16|     ap_none|  graph_pred_weights_V_0_78|       pointer|
|graph_pred_weights_V_0_78_ap_vld  |   in|     1|     ap_none|  graph_pred_weights_V_0_78|       pointer|
|graph_pred_weights_V_0_79         |   in|    16|     ap_none|  graph_pred_weights_V_0_79|       pointer|
|graph_pred_weights_V_0_79_ap_vld  |   in|     1|     ap_none|  graph_pred_weights_V_0_79|       pointer|
|graph_pred_weights_V_0_80         |   in|    16|     ap_none|  graph_pred_weights_V_0_80|       pointer|
|graph_pred_weights_V_0_80_ap_vld  |   in|     1|     ap_none|  graph_pred_weights_V_0_80|       pointer|
|graph_pred_weights_V_0_81         |   in|    16|     ap_none|  graph_pred_weights_V_0_81|       pointer|
|graph_pred_weights_V_0_81_ap_vld  |   in|     1|     ap_none|  graph_pred_weights_V_0_81|       pointer|
|graph_pred_weights_V_0_82         |   in|    16|     ap_none|  graph_pred_weights_V_0_82|       pointer|
|graph_pred_weights_V_0_82_ap_vld  |   in|     1|     ap_none|  graph_pred_weights_V_0_82|       pointer|
|graph_pred_weights_V_0_83         |   in|    16|     ap_none|  graph_pred_weights_V_0_83|       pointer|
|graph_pred_weights_V_0_83_ap_vld  |   in|     1|     ap_none|  graph_pred_weights_V_0_83|       pointer|
|graph_pred_weights_V_0_84         |   in|    16|     ap_none|  graph_pred_weights_V_0_84|       pointer|
|graph_pred_weights_V_0_84_ap_vld  |   in|     1|     ap_none|  graph_pred_weights_V_0_84|       pointer|
|graph_pred_weights_V_0_85         |   in|    16|     ap_none|  graph_pred_weights_V_0_85|       pointer|
|graph_pred_weights_V_0_85_ap_vld  |   in|     1|     ap_none|  graph_pred_weights_V_0_85|       pointer|
|graph_pred_weights_V_0_86         |   in|    16|     ap_none|  graph_pred_weights_V_0_86|       pointer|
|graph_pred_weights_V_0_86_ap_vld  |   in|     1|     ap_none|  graph_pred_weights_V_0_86|       pointer|
|graph_pred_weights_V_0_87         |   in|    16|     ap_none|  graph_pred_weights_V_0_87|       pointer|
|graph_pred_weights_V_0_87_ap_vld  |   in|     1|     ap_none|  graph_pred_weights_V_0_87|       pointer|
|graph_pred_weights_V_0_88         |   in|    16|     ap_none|  graph_pred_weights_V_0_88|       pointer|
|graph_pred_weights_V_0_88_ap_vld  |   in|     1|     ap_none|  graph_pred_weights_V_0_88|       pointer|
|graph_pred_weights_V_0_89         |   in|    16|     ap_none|  graph_pred_weights_V_0_89|       pointer|
|graph_pred_weights_V_0_89_ap_vld  |   in|     1|     ap_none|  graph_pred_weights_V_0_89|       pointer|
|graph_pred_weights_V_0_90         |   in|    16|     ap_none|  graph_pred_weights_V_0_90|       pointer|
|graph_pred_weights_V_0_90_ap_vld  |   in|     1|     ap_none|  graph_pred_weights_V_0_90|       pointer|
|graph_pred_weights_V_0_91         |   in|    16|     ap_none|  graph_pred_weights_V_0_91|       pointer|
|graph_pred_weights_V_0_91_ap_vld  |   in|     1|     ap_none|  graph_pred_weights_V_0_91|       pointer|
|graph_pred_weights_V_0_92         |   in|    16|     ap_none|  graph_pred_weights_V_0_92|       pointer|
|graph_pred_weights_V_0_92_ap_vld  |   in|     1|     ap_none|  graph_pred_weights_V_0_92|       pointer|
|graph_pred_weights_V_0_93         |   in|    16|     ap_none|  graph_pred_weights_V_0_93|       pointer|
|graph_pred_weights_V_0_93_ap_vld  |   in|     1|     ap_none|  graph_pred_weights_V_0_93|       pointer|
|graph_pred_weights_V_0_94         |   in|    16|     ap_none|  graph_pred_weights_V_0_94|       pointer|
|graph_pred_weights_V_0_94_ap_vld  |   in|     1|     ap_none|  graph_pred_weights_V_0_94|       pointer|
|graph_pred_weights_V_0_95         |   in|    16|     ap_none|  graph_pred_weights_V_0_95|       pointer|
|graph_pred_weights_V_0_95_ap_vld  |   in|     1|     ap_none|  graph_pred_weights_V_0_95|       pointer|
|graph_pred_weights_V_0_96         |   in|    16|     ap_none|  graph_pred_weights_V_0_96|       pointer|
|graph_pred_weights_V_0_96_ap_vld  |   in|     1|     ap_none|  graph_pred_weights_V_0_96|       pointer|
|graph_pred_weights_V_0_97         |   in|    16|     ap_none|  graph_pred_weights_V_0_97|       pointer|
|graph_pred_weights_V_0_97_ap_vld  |   in|     1|     ap_none|  graph_pred_weights_V_0_97|       pointer|
|graph_pred_weights_V_0_98         |   in|    16|     ap_none|  graph_pred_weights_V_0_98|       pointer|
|graph_pred_weights_V_0_98_ap_vld  |   in|     1|     ap_none|  graph_pred_weights_V_0_98|       pointer|
|graph_pred_weights_V_0_99         |   in|    16|     ap_none|  graph_pred_weights_V_0_99|       pointer|
|graph_pred_weights_V_0_99_ap_vld  |   in|     1|     ap_none|  graph_pred_weights_V_0_99|       pointer|
|ap_clk                            |   in|     1|  ap_ctrl_hs|                   finalize|  return value|
|ap_rst                            |   in|     1|  ap_ctrl_hs|                   finalize|  return value|
|ap_start                          |   in|     1|  ap_ctrl_hs|                   finalize|  return value|
|ap_done                           |  out|     1|  ap_ctrl_hs|                   finalize|  return value|
|ap_ready                          |  out|     1|  ap_ctrl_hs|                   finalize|  return value|
|ap_idle                           |  out|     1|  ap_ctrl_hs|                   finalize|  return value|
|ap_continue                       |   in|     1|  ap_ctrl_hs|                   finalize|  return value|
+----------------------------------+-----+------+------------+---------------------------+--------------+

